// Jest Snapshot v1, https://goo.gl/fbAQLP

exports[`Does component render test 1`] = `
<View
  pointerEvents="box-none"
  style={
    Object {
      "flex": 1,
    }
  }
>
  <View
    collapsable={true}
    pointerEvents="box-none"
    style={
      Object {
        "flex": 1,
      }
    }
  >
    <Image
      source={
        Object {
          "testUri": "../../../src/assets/images/plus.png",
        }
      }
    />
  </View>
</View>
`;
